###############################################################################
#
# IAR ELF Linker V8.40.1.212/W32 for ARM                  26/Oct/2019  20:46:52
# Copyright 2007-2019 IAR Systems AB.
#
#    Output file  =
#        C:\Users\ksevd\Documents\embsys100\assignment03\STMCubeMx_MorseCode\EWARM\STMCubeMx_MorseCode\Exe\STMCubeMx_MorseCode.out
#    Map file     =
#        C:\Users\ksevd\Documents\embsys100\assignment03\STMCubeMx_MorseCode\EWARM\STMCubeMx_MorseCode\List\STMCubeMx_MorseCode.map
#    Command line =
#        -f C:\Users\ksevd\AppData\Local\Temp\EW89A5.tmp
#        (C:\Users\ksevd\Documents\embsys100\assignment03\STMCubeMx_MorseCode\EWARM\STMCubeMx_MorseCode\Obj\main.o
#        C:\Users\ksevd\Documents\embsys100\assignment03\STMCubeMx_MorseCode\EWARM\STMCubeMx_MorseCode\Obj\startup_stm32f401xe.o
#        C:\Users\ksevd\Documents\embsys100\assignment03\STMCubeMx_MorseCode\EWARM\STMCubeMx_MorseCode\Obj\stm32f4xx_hal.o
#        C:\Users\ksevd\Documents\embsys100\assignment03\STMCubeMx_MorseCode\EWARM\STMCubeMx_MorseCode\Obj\stm32f4xx_hal_cortex.o
#        C:\Users\ksevd\Documents\embsys100\assignment03\STMCubeMx_MorseCode\EWARM\STMCubeMx_MorseCode\Obj\stm32f4xx_hal_dma.o
#        C:\Users\ksevd\Documents\embsys100\assignment03\STMCubeMx_MorseCode\EWARM\STMCubeMx_MorseCode\Obj\stm32f4xx_hal_dma_ex.o
#        C:\Users\ksevd\Documents\embsys100\assignment03\STMCubeMx_MorseCode\EWARM\STMCubeMx_MorseCode\Obj\stm32f4xx_hal_flash.o
#        C:\Users\ksevd\Documents\embsys100\assignment03\STMCubeMx_MorseCode\EWARM\STMCubeMx_MorseCode\Obj\stm32f4xx_hal_flash_ex.o
#        C:\Users\ksevd\Documents\embsys100\assignment03\STMCubeMx_MorseCode\EWARM\STMCubeMx_MorseCode\Obj\stm32f4xx_hal_flash_ramfunc.o
#        C:\Users\ksevd\Documents\embsys100\assignment03\STMCubeMx_MorseCode\EWARM\STMCubeMx_MorseCode\Obj\stm32f4xx_hal_gpio.o
#        C:\Users\ksevd\Documents\embsys100\assignment03\STMCubeMx_MorseCode\EWARM\STMCubeMx_MorseCode\Obj\stm32f4xx_hal_msp.o
#        C:\Users\ksevd\Documents\embsys100\assignment03\STMCubeMx_MorseCode\EWARM\STMCubeMx_MorseCode\Obj\stm32f4xx_hal_pwr.o
#        C:\Users\ksevd\Documents\embsys100\assignment03\STMCubeMx_MorseCode\EWARM\STMCubeMx_MorseCode\Obj\stm32f4xx_hal_pwr_ex.o
#        C:\Users\ksevd\Documents\embsys100\assignment03\STMCubeMx_MorseCode\EWARM\STMCubeMx_MorseCode\Obj\stm32f4xx_hal_rcc.o
#        C:\Users\ksevd\Documents\embsys100\assignment03\STMCubeMx_MorseCode\EWARM\STMCubeMx_MorseCode\Obj\stm32f4xx_hal_rcc_ex.o
#        C:\Users\ksevd\Documents\embsys100\assignment03\STMCubeMx_MorseCode\EWARM\STMCubeMx_MorseCode\Obj\stm32f4xx_hal_tim.o
#        C:\Users\ksevd\Documents\embsys100\assignment03\STMCubeMx_MorseCode\EWARM\STMCubeMx_MorseCode\Obj\stm32f4xx_hal_tim_ex.o
#        C:\Users\ksevd\Documents\embsys100\assignment03\STMCubeMx_MorseCode\EWARM\STMCubeMx_MorseCode\Obj\stm32f4xx_hal_uart.o
#        C:\Users\ksevd\Documents\embsys100\assignment03\STMCubeMx_MorseCode\EWARM\STMCubeMx_MorseCode\Obj\stm32f4xx_it.o
#        C:\Users\ksevd\Documents\embsys100\assignment03\STMCubeMx_MorseCode\EWARM\STMCubeMx_MorseCode\Obj\system_stm32f4xx.o
#        --redirect _Printf=_PrintfFull --redirect _Scanf=_ScanfFull
#        --no_out_extension -o
#        C:\Users\ksevd\Documents\embsys100\assignment03\STMCubeMx_MorseCode\EWARM\STMCubeMx_MorseCode\Exe\STMCubeMx_MorseCode.out
#        --map
#        C:\Users\ksevd\Documents\embsys100\assignment03\STMCubeMx_MorseCode\EWARM\STMCubeMx_MorseCode\List\STMCubeMx_MorseCode.map
#        --config
#        C:\Users\ksevd\Documents\embsys100\assignment03\STMCubeMx_MorseCode\EWARM/stm32f401xe_flash.icf
#        --semihosting --entry __iar_program_start --vfe --text_out locale)
#
###############################################################################

*******************************************************************************
*** RUNTIME MODEL ATTRIBUTES
***

CppFlavor       = *
__SystemLibrary = DLib
__dlib_version  = 6


*******************************************************************************
*** HEAP SELECTION
***

The basic heap was selected because some modules are built with
size limitations (and not runtime checking), and --advanced_heap
was not specified.


*******************************************************************************
*** PLACEMENT SUMMARY
***

"A0":  place at address 0x800'0000 { ro section .intvec };
"P1":  place in [from 0x800'0000 to 0x807'ffff] { ro };
define block CSTACK with size = 1K, alignment = 8 { };
define block HEAP with size = 512, alignment = 8 { };
"P2":  place in [from 0x2000'0000 to 0x2001'7fff] {
          rw, block CSTACK, block HEAP };
initialize by copy { rw };

  Section            Kind         Address    Size  Object
  -------            ----         -------    ----  ------
"A0":                                       0x194
  .intvec            ro code   0x800'0000   0x194  startup_stm32f401xe.o [1]
                             - 0x800'0194   0x194

"P1":                                      0x1065
  .text              ro code   0x800'0194   0x2d0  stm32f4xx_hal_rcc.o [1]
  .text              ro code   0x800'0464     0xc  stm32f4xx_hal.o [1]
  .text              ro code   0x800'0470   0x27c  main.o [1]
  .text              ro code   0x800'06ec    0x34  stm32f4xx_hal.o [1]
  .text              ro code   0x800'0720   0x1bc  stm32f4xx_hal_gpio.o [1]
  .text              ro code   0x800'08dc   0x1fc  stm32f4xx_hal_uart.o [1]
  .text              ro code   0x800'0ad8   0x1ac  stm32f4xx_hal_rcc.o [1]
  .text              ro code   0x800'0c84    0xca  stm32f4xx_hal_cortex.o [1]
  .text              ro code   0x800'0d50    0x40  stm32f4xx_hal.o [1]
  .text              ro code   0x800'0d90    0xe0  stm32f4xx_hal_msp.o [1]
  .text              ro code   0x800'0e70   0x106  I64DivMod_small.o [4]
  .text              ro code   0x800'0f78     0x2  I64DivZer.o [4]
  .text              ro code   0x800'0f7c    0x60  system_stm32f4xx.o [1]
  .text              ro code   0x800'0fdc    0x38  packbits_init_single.o [4]
  .text              ro code   0x800'1014    0x28  data_init.o [4]
  .text              ro code   0x800'103c    0x22  fpinit_M.o [3]
  .iar.init_table    const     0x800'1060    0x10  - Linker created -
  .text              ro code   0x800'1070    0x1e  stm32f4xx_it.o [1]
  .text              ro code   0x800'1090    0x10  stm32f4xx_hal.o [1]
  .text              ro code   0x800'10a0    0x1e  cmain.o [4]
  .text              ro code   0x800'10be     0x4  low_level_init.o [2]
  .text              ro code   0x800'10c2     0x4  exit.o [2]
  .text              ro code   0x800'10c8     0xa  cexit.o [4]
  .text              ro code   0x800'10d4    0x14  exit.o [5]
  .text              ro code   0x800'10e8    0x10  startup_stm32f401xe.o [1]
  .text              ro code   0x800'10f8     0xc  cstartup_M.o [4]
  .rodata            const     0x800'1104     0x8  system_stm32f4xx.o [1]
  .text              ro code   0x800'110c     0x4  startup_stm32f401xe.o [1]
  .text              ro code   0x800'1110     0x4  startup_stm32f401xe.o [1]
  .text              ro code   0x800'1114     0x4  startup_stm32f401xe.o [1]
  .text              ro code   0x800'1118     0x4  startup_stm32f401xe.o [1]
  .text              ro code   0x800'111c     0x4  startup_stm32f401xe.o [1]
  .text              ro code   0x800'1120     0x4  startup_stm32f401xe.o [1]
  .text              ro code   0x800'1124     0x4  startup_stm32f401xe.o [1]
  .text              ro code   0x800'1128     0x4  startup_stm32f401xe.o [1]
  .text              ro code   0x800'112c     0x4  startup_stm32f401xe.o [1]
  .text              ro code   0x800'1130     0x4  startup_stm32f401xe.o [1]
  .text              ro code   0x800'1134     0x4  startup_stm32f401xe.o [1]
  .text              ro code   0x800'1138     0x4  startup_stm32f401xe.o [1]
  .text              ro code   0x800'113c     0x4  startup_stm32f401xe.o [1]
  .text              ro code   0x800'1140     0x4  startup_stm32f401xe.o [1]
  .text              ro code   0x800'1144     0x4  startup_stm32f401xe.o [1]
  .text              ro code   0x800'1148     0x4  startup_stm32f401xe.o [1]
  .text              ro code   0x800'114c     0x4  startup_stm32f401xe.o [1]
  .text              ro code   0x800'1150     0x4  startup_stm32f401xe.o [1]
  .text              ro code   0x800'1154     0x4  startup_stm32f401xe.o [1]
  .text              ro code   0x800'1158     0x4  startup_stm32f401xe.o [1]
  .text              ro code   0x800'115c     0x4  startup_stm32f401xe.o [1]
  .text              ro code   0x800'1160     0x4  startup_stm32f401xe.o [1]
  .text              ro code   0x800'1164     0x4  startup_stm32f401xe.o [1]
  .text              ro code   0x800'1168     0x4  startup_stm32f401xe.o [1]
  .text              ro code   0x800'116c     0x4  startup_stm32f401xe.o [1]
  .text              ro code   0x800'1170     0x4  startup_stm32f401xe.o [1]
  .text              ro code   0x800'1174     0x4  startup_stm32f401xe.o [1]
  .text              ro code   0x800'1178     0x4  startup_stm32f401xe.o [1]
  .text              ro code   0x800'117c     0x4  startup_stm32f401xe.o [1]
  .text              ro code   0x800'1180     0x4  startup_stm32f401xe.o [1]
  .text              ro code   0x800'1184     0x4  startup_stm32f401xe.o [1]
  .text              ro code   0x800'1188     0x4  startup_stm32f401xe.o [1]
  .text              ro code   0x800'118c     0x4  startup_stm32f401xe.o [1]
  .text              ro code   0x800'1190     0x4  startup_stm32f401xe.o [1]
  .text              ro code   0x800'1194     0x4  startup_stm32f401xe.o [1]
  .text              ro code   0x800'1198     0x4  startup_stm32f401xe.o [1]
  .text              ro code   0x800'119c     0x4  startup_stm32f401xe.o [1]
  .text              ro code   0x800'11a0     0x4  startup_stm32f401xe.o [1]
  .text              ro code   0x800'11a4     0x4  startup_stm32f401xe.o [1]
  .text              ro code   0x800'11a8     0x4  startup_stm32f401xe.o [1]
  .text              ro code   0x800'11ac     0x4  startup_stm32f401xe.o [1]
  .text              ro code   0x800'11b0     0x4  startup_stm32f401xe.o [1]
  .text              ro code   0x800'11b4     0x4  startup_stm32f401xe.o [1]
  .text              ro code   0x800'11b8     0x4  startup_stm32f401xe.o [1]
  .text              ro code   0x800'11bc     0x4  startup_stm32f401xe.o [1]
  .text              ro code   0x800'11c0     0x4  startup_stm32f401xe.o [1]
  .text              ro code   0x800'11c4     0x4  startup_stm32f401xe.o [1]
  .text              ro code   0x800'11c8     0x4  startup_stm32f401xe.o [1]
  .text              ro code   0x800'11cc     0x4  startup_stm32f401xe.o [1]
  .text              ro code   0x800'11d0     0x4  startup_stm32f401xe.o [1]
  .text              ro code   0x800'11d4     0x4  startup_stm32f401xe.o [1]
  .text              ro code   0x800'11d8     0x4  startup_stm32f401xe.o [1]
  .text              ro code   0x800'11dc     0x4  startup_stm32f401xe.o [1]
  .text              ro code   0x800'11e0     0x4  startup_stm32f401xe.o [1]
  .text              ro code   0x800'11e4     0x4  startup_stm32f401xe.o [1]
  .text              ro code   0x800'11e8     0x4  startup_stm32f401xe.o [1]
  .rodata            const     0x800'11ec     0x0  packbits_init_single.o [4]
  Initializer bytes  const     0x800'11ec     0xd  <for P2-1>
                             - 0x800'11f9  0x1065

"P2", part 1 of 2:                           0x50
  P2-1                        0x2000'0000    0x50  <Init block>
    .data            inited   0x2000'0000     0xc  stm32f4xx_hal.o [1]
    .data            inited   0x2000'000c     0x4  system_stm32f4xx.o [1]
    .bss             inited   0x2000'0010    0x40  main.o [1]
                            - 0x2000'0050    0x50

"P2", part 2 of 2:                          0x400
  CSTACK                      0x2000'0050   0x400  <Block>
    CSTACK           uninit   0x2000'0050   0x400  <Block tail>
                            - 0x2000'0450   0x400

Unused ranges:

         From           To      Size
         ----           --      ----
   0x800'11f9   0x807'ffff  0x7'ee07
  0x2000'0450  0x2001'7fff  0x1'7bb0


*******************************************************************************
*** INIT TABLE
***

          Address      Size
          -------      ----
Copy/packbits (__iar_packbits_init_single3)
    1 source range, total size 0xd (16% of destination):
           0x800'11ec   0xd
    1 destination range, total size 0x50:
          0x2000'0000  0x50



*******************************************************************************
*** MODULE SUMMARY
***

    Module                  ro code  ro data  rw data
    ------                  -------  -------  -------
command line/config:
    -------------------------------------------------
    Total:

C:\Users\ksevd\Documents\embsys100\assignment03\STMCubeMx_MorseCode\EWARM\STMCubeMx_MorseCode\Obj: [1]
    main.o                      636       11       64
    startup_stm32f401xe.o       644
    stm32f4xx_hal.o             144        1       12
    stm32f4xx_hal_cortex.o      202
    stm32f4xx_hal_gpio.o        444
    stm32f4xx_hal_msp.o         224
    stm32f4xx_hal_rcc.o       1'148
    stm32f4xx_hal_uart.o        508
    stm32f4xx_it.o               30
    system_stm32f4xx.o           96        9        4
    -------------------------------------------------
    Total:                    4'076       21       80

dl7M_tlf.a: [2]
    exit.o                        4
    low_level_init.o              4
    -------------------------------------------------
    Total:                        8

m7M_tls.a: [3]
    fpinit_M.o                   34
    -------------------------------------------------
    Total:                       34

rt7M_tl.a: [4]
    I64DivMod_small.o           262
    I64DivZer.o                   2
    cexit.o                      10
    cmain.o                      30
    cstartup_M.o                 12
    data_init.o                  40
    packbits_init_single.o       56
    -------------------------------------------------
    Total:                      412

shb_l.a: [5]
    exit.o                       20
    -------------------------------------------------
    Total:                       20

    Gaps                         12        2
    Linker created                        16    1'024
-----------------------------------------------------
    Grand Total:              4'562       39    1'104


*******************************************************************************
*** ENTRY LIST
***

Entry                       Address   Size  Type      Object
-----                       -------   ----  ----      ------
.iar.init_table$$Base    0x800'1060          --   Gb  - Linker created -
.iar.init_table$$Limit   0x800'1070          --   Gb  - Linker created -
?main                    0x800'10a1         Code  Gb  cmain.o [4]
AHBPrescTable            0x800'0fcc   0x10  Data  Gb  system_stm32f4xx.o [1]
APBPrescTable            0x800'1104    0x8  Data  Gb  system_stm32f4xx.o [1]
BusFault_Handler         0x800'1077    0x2  Code  Gb  stm32f4xx_it.o [1]
CSTACK$$Base            0x2000'0050          --   Gb  - Linker created -
CSTACK$$Limit           0x2000'0450          --   Gb  - Linker created -
DebugMon_Handler         0x800'107d    0x2  Code  Gb  stm32f4xx_it.o [1]
HAL_GPIO_Init            0x800'0721  0x194  Code  Gb  stm32f4xx_hal_gpio.o [1]
HAL_GPIO_WritePin        0x800'08b5    0x8  Code  Gb  stm32f4xx_hal_gpio.o [1]
HAL_GetTick              0x800'0465    0xc  Code  Wk  stm32f4xx_hal.o [1]
HAL_IncTick              0x800'1091   0x10  Code  Wk  stm32f4xx_hal.o [1]
HAL_Init                 0x800'06ed   0x30  Code  Gb  stm32f4xx_hal.o [1]
HAL_InitTick             0x800'0d51   0x40  Code  Wk  stm32f4xx_hal.o [1]
HAL_MspInit              0x800'0d91   0x8e  Code  Gb  stm32f4xx_hal_msp.o [1]
HAL_NVIC_SetPriority     0x800'0cb9   0x3a  Code  Gb  stm32f4xx_hal_cortex.o [1]
HAL_NVIC_SetPriorityGrouping
                         0x800'0c9f   0x1a  Code  Gb  stm32f4xx_hal_cortex.o [1]
HAL_RCC_ClockConfig      0x800'0ad9   0xfe  Code  Gb  stm32f4xx_hal_rcc.o [1]
HAL_RCC_GetHCLKFreq      0x800'0be3    0x6  Code  Gb  stm32f4xx_hal_rcc.o [1]
HAL_RCC_GetPCLK1Freq     0x800'0be9   0x10  Code  Gb  stm32f4xx_hal_rcc.o [1]
HAL_RCC_GetPCLK2Freq     0x800'0bf9    0xe  Code  Gb  stm32f4xx_hal_rcc.o [1]
HAL_RCC_OscConfig        0x800'0195  0x2d0  Code  Wk  stm32f4xx_hal_rcc.o [1]
HAL_SYSTICK_CLKSourceConfig
                         0x800'0d1b   0x1a  Code  Gb  stm32f4xx_hal_cortex.o [1]
HAL_SYSTICK_Config       0x800'0cf3   0x28  Code  Gb  stm32f4xx_hal_cortex.o [1]
HAL_SYSTICK_IRQHandler   0x800'0d49    0x4  Code  Gb  stm32f4xx_hal_cortex.o [1]
HAL_UART_Init            0x800'08dd   0x1e  Code  Gb  stm32f4xx_hal_uart.o [1]
HAL_UART_MspInit         0x800'0e1f   0x44  Code  Gb  stm32f4xx_hal_msp.o [1]
HardFault_Handler        0x800'1073    0x2  Code  Gb  stm32f4xx_it.o [1]
MemManage_Handler        0x800'1075    0x2  Code  Gb  stm32f4xx_it.o [1]
NMI_Handler              0x800'1071    0x2  Code  Gb  stm32f4xx_it.o [1]
NVIC_SetPriority         0x800'0c85   0x1a  Code  Lc  stm32f4xx_hal_cortex.o [1]
PendSV_Handler           0x800'107f    0x2  Code  Gb  stm32f4xx_it.o [1]
Region$$Table$$Base      0x800'1060          --   Gb  - Linker created -
Region$$Table$$Limit     0x800'1070          --   Gb  - Linker created -
SVC_Handler              0x800'107b    0x2  Code  Gb  stm32f4xx_it.o [1]
SysTick_Handler          0x800'1081    0xe  Code  Gb  stm32f4xx_it.o [1]
SystemClock_Config       0x800'05b7   0xae  Code  Gb  main.o [1]
SystemCoreClock         0x2000'000c    0x4  Data  Gb  system_stm32f4xx.o [1]
SystemInit               0x800'0f7d   0x3a  Code  Gb  system_stm32f4xx.o [1]
UART_SetConfig           0x800'0953  0x13e  Code  Lc  stm32f4xx_hal_uart.o [1]
UsageFault_Handler       0x800'1079    0x2  Code  Gb  stm32f4xx_it.o [1]
__aeabi_ldiv0            0x800'0f79         Code  Gb  I64DivZer.o [4]
__cmain                  0x800'10a1         Code  Gb  cmain.o [4]
__exit                   0x800'10d5   0x14  Code  Gb  exit.o [5]
__iar_data_init3         0x800'1015   0x28  Code  Gb  data_init.o [4]
__iar_init_vfp           0x800'103d         Code  Gb  fpinit_M.o [3]
__iar_packbits_init_single3
                         0x800'0fdd   0x38  Code  Gb  packbits_init_single.o [4]
__iar_program_start      0x800'10f9         Code  Gb  cstartup_M.o [4]
__iar_small_uldivmod     0x800'0e71         Code  Gb  I64DivMod_small.o [4]
__low_level_init         0x800'10bf    0x4  Code  Gb  low_level_init.o [2]
__vector_table           0x800'0000         Data  Gb  startup_stm32f401xe.o [1]
_call_main               0x800'10ad         Code  Gb  cmain.o [4]
_exit                    0x800'10c9         Code  Gb  cexit.o [4]
_main                    0x800'10bb         Code  Gb  cmain.o [4]
dash                     0x800'0679   0x1a  Code  Gb  main.o [1]
dot                      0x800'0693   0x1c  Code  Gb  main.o [1]
exit                     0x800'10c3    0x4  Code  Gb  exit.o [2]
hold                     0x800'0665   0x14  Code  Gb  main.o [1]
huart2                  0x2000'0010   0x40  Data  Gb  main.o [1]
main                     0x800'0471  0x142  Code  Gb  main.o [1]
uwTick                  0x2000'0004    0x4  Data  Gb  stm32f4xx_hal.o [1]
uwTickFreq              0x2000'0000    0x1  Data  Gb  stm32f4xx_hal.o [1]
uwTickPrio              0x2000'0008    0x4  Data  Gb  stm32f4xx_hal.o [1]


[1] = C:\Users\ksevd\Documents\embsys100\assignment03\STMCubeMx_MorseCode\EWARM\STMCubeMx_MorseCode\Obj
[2] = dl7M_tlf.a
[3] = m7M_tls.a
[4] = rt7M_tl.a
[5] = shb_l.a

  4'562 bytes of readonly  code memory
     39 bytes of readonly  data memory
  1'104 bytes of readwrite data memory

Errors: none
Warnings: none
